[aiforge.baseecom.com/index.html]
[backblue.gif]
[fade.gif]
[index.html]
[aiforge.baseecom.com/assets/img/favicon.svg]
[aiforge.baseecom.com/assets/css/bootstrap.min.css]
[aiforge.baseecom.com/assets/css/animate.css]
[aiforge.baseecom.com/assets/css/magnific-popup.css]
[aiforge.baseecom.com/assets/css/all.min.css]
[aiforge.baseecom.com/assets/css/meanmenu.css]
[aiforge.baseecom.com/assets/css/swiper-bundle.min.css]
[aiforge.baseecom.com/assets/css/nice-select.css]
[aiforge.baseecom.com/assets/css/main.css]
[aiforge.baseecom.com/assets/img/logo/white-logo.svg]
[aiforge.baseecom.com/contact.html]
[aiforge.baseecom.com/index-2.html]
[aiforge.baseecom.com/index-3.html]
[aiforge.baseecom.com/index-4.html]
[aiforge.baseecom.com/index-5.html]
[aiforge.baseecom.com/index-6.html]
[aiforge.baseecom.com/about.html]
[aiforge.baseecom.com/news.html]
[aiforge.baseecom.com/service.html]
[aiforge.baseecom.com/team.html]
[aiforge.baseecom.com/project.html]
[aiforge.baseecom.com/project-details.html]
[aiforge.baseecom.com/pricing.html]
[aiforge.baseecom.com/faq.html]
[aiforge.baseecom.com/login.html]
[aiforge.baseecom.com/register.html]
[aiforge.baseecom.com/404.html]
[aiforge.baseecom.com/news-details.html]
[aiforge.baseecom.com/assets/img/discord.svg]
[aiforge.baseecom.com/assets/img/hero/hero-bg-3.png]
[aiforge.baseecom.com/assets/img/hero/color-bg.png]
[aiforge.baseecom.com/assets/img/hero/radius-img.png]
[aiforge.baseecom.com/assets/img/hero/hero-1.png]
[aiforge.baseecom.com/assets/img/about/bg-shape.png]
[aiforge.baseecom.com/assets/img/about/color-bg-shape.png]
[aiforge.baseecom.com/assets/img/about/color-bg-shape-2.png]
[aiforge.baseecom.com/assets/img/star.png]
[aiforge.baseecom.com/assets/img/about/01.jpg]
[aiforge.baseecom.com/assets/img/icon/01.svg]
[aiforge.baseecom.com/assets/img/service/01.jpg]
[aiforge.baseecom.com/assets/img/service/02.jpg]
[aiforge.baseecom.com/assets/img/service/03.jpg]
[aiforge.baseecom.com/assets/img/service/04.jpg]
[aiforge.baseecom.com/assets/img/project/line-shape.png]
[aiforge.baseecom.com/assets/img/project/color-bg.png]
[aiforge.baseecom.com/assets/img/has.png]
[aiforge.baseecom.com/assets/img/project/01.jpg]
[aiforge.baseecom.com/assets/img/project/02.jpg]
[aiforge.baseecom.com/assets/img/project/03.jpg]
[aiforge.baseecom.com/assets/img/faq/color-bg.png]
[aiforge.baseecom.com/assets/img/faq/01.jpg]
[aiforge.baseecom.com/assets/img/faq/02.jpg]
[aiforge.baseecom.com/assets/img/paralax-bg.jpg]
[aiforge.baseecom.com/assets/img/icon/02.svg]
[aiforge.baseecom.com/assets/img/circle-bg.png]
[aiforge.baseecom.com/assets/img/brand/01.png]
[aiforge.baseecom.com/assets/img/brand/02.png]
[aiforge.baseecom.com/assets/img/brand/03.png]
[aiforge.baseecom.com/assets/img/brand/04.png]
[aiforge.baseecom.com/assets/img/brand/05.png]
[aiforge.baseecom.com/assets/img/circle-check.png]
[aiforge.baseecom.com/assets/img/footer/gallery-1.jpg]
[aiforge.baseecom.com/assets/img/footer/gallery-2.jpg]
[aiforge.baseecom.com/assets/img/footer/gallery-3.jpg]
[aiforge.baseecom.com/assets/img/footer/gallery-4.jpg]
[aiforge.baseecom.com/assets/js/jquery-3.7.1.min.js]
[aiforge.baseecom.com/assets/js/viewport.jquery.js]
[aiforge.baseecom.com/assets/js/bootstrap.bundle.min.js]
[aiforge.baseecom.com/assets/js/jquery.nice-select.min.js]
[aiforge.baseecom.com/assets/js/jquery.waypoints.js]
[aiforge.baseecom.com/assets/js/jquery.counterup.min.js]
[aiforge.baseecom.com/assets/js/swiper-bundle.min.js]
[aiforge.baseecom.com/assets/js/jquery.meanmenu.min.js]
[aiforge.baseecom.com/assets/js/jquery.magnific-popup.min.js]
[aiforge.baseecom.com/assets/js/wow.min.js]
[aiforge.baseecom.com/assets/js/main.js]
[aiforge.baseecom.com/index.html]
[aiforge.baseecom.com/assets/img/favicon.svg]
[aiforge.baseecom.com/assets/css/bootstrap.min.css]
[aiforge.baseecom.com/index-7.html]
[aiforge.baseecom.com/assets/webfonts/fa-brands-400.woff2]
[aiforge.baseecom.com/assets/webfonts/fa-brands-400.ttf]
[aiforge.baseecom.com/assets/webfonts/fa-duotone-900.woff2]
[aiforge.baseecom.com/assets/webfonts/fa-duotone-900.ttf]
[aiforge.baseecom.com/assets/webfonts/fa-light-300.woff2]
[aiforge.baseecom.com/assets/webfonts/fa-light-300.ttf]
[aiforge.baseecom.com/assets/webfonts/fa-regular-400.woff2]
[aiforge.baseecom.com/assets/webfonts/fa-regular-400.ttf]
[aiforge.baseecom.com/assets/webfonts/fa-solid-900.woff2]
[aiforge.baseecom.com/assets/webfonts/fa-solid-900.ttf]
[aiforge.baseecom.com/assets/webfonts/fa-thin-100.woff2]
[aiforge.baseecom.com/assets/webfonts/fa-thin-100.ttf]
[aiforge.baseecom.com/assets/webfonts/fa-v4compatibility.woff2]
[aiforge.baseecom.com/assets/webfonts/fa-v4compatibility.ttf]
[aiforge.baseecom.com/assets/css/all.min.css]
[aiforge.baseecom.com/assets/css/animate.css]
[aiforge.baseecom.com/assets/css/magnific-popup.css]
[aiforge.baseecom.com/assets/css/meanmenu.css]
[aiforge.baseecom.com/assets/css/swiper-bundle.min.css]
[aiforge.baseecom.com/assets/css/nice-select.css]
[aiforge.baseecom.com/assets/css/color.css]
[aiforge.baseecom.com/assets/css/main.css]
[aiforge.baseecom.com/assets/img/logo/white-logo.svg]
[aiforge.baseecom.com/assets/img/contact-bg.jpg]
[aiforge.baseecom.com/assets/img/contac-img-2.jpg]
[aiforge.baseecom.com/assets/js/ajax-mail.js]
[aiforge.baseecom.com/contact.html]
[aiforge.baseecom.com/assets/img/logo/white-logo-2.svg]
[aiforge.baseecom.com/assets/img/hero/hero-bg.jpg]
[aiforge.baseecom.com/assets/img/hero/hero.png]
[aiforge.baseecom.com/assets/img/hero/circle-shape.png]
[aiforge.baseecom.com/assets/img/circle-title.png]
[aiforge.baseecom.com/assets/img/icon/03.svg]
[aiforge.baseecom.com/assets/img/icon/04.svg]
[aiforge.baseecom.com/assets/img/icon/05.svg]
[aiforge.baseecom.com/assets/img/icon/06.svg]
[aiforge.baseecom.com/assets/img/icon/09.svg]
[aiforge.baseecom.com/assets/img/icon/10.svg]
[aiforge.baseecom.com/assets/img/service/05.jpg]
[aiforge.baseecom.com/assets/img/about/about-bg.jpg]
[aiforge.baseecom.com/assets/img/about/02.png]
[aiforge.baseecom.com/assets/img/icon/11.svg]
[aiforge.baseecom.com/assets/img/icon/12.svg]
[aiforge.baseecom.com/assets/img/service/Illustration.png]
[aiforge.baseecom.com/assets/img/icon/13.svg]
[aiforge.baseecom.com/assets/img/icon/14.svg]
[aiforge.baseecom.com/assets/img/mobile-app-bg.jpg]
[aiforge.baseecom.com/assets/img/mobile.png]
[aiforge.baseecom.com/assets/img/mobile-shaape.png]
[aiforge.baseecom.com/assets/img/circle-title-2.png]
[aiforge.baseecom.com/assets/img/google-play.png]
[aiforge.baseecom.com/assets/img/app-store.png]
[aiforge.baseecom.com/assets/img/testimonial/client-1.png]
[aiforge.baseecom.com/assets/img/testimonial/client-2.png]
[aiforge.baseecom.com/assets/img/testimonial/client-3.png]
[aiforge.baseecom.com/assets/img/testimonial/client-4.png]
[aiforge.baseecom.com/assets/img/testimonial/client-5.png]
[aiforge.baseecom.com/assets/img/testimonial/client-6.png]
[aiforge.baseecom.com/assets/img/testimonial/testimonial-bg.png]
[aiforge.baseecom.com/assets/img/testimonial/quote.png]
[aiforge.baseecom.com/assets/img/platform-bg.jpg]
[aiforge.baseecom.com/assets/img/platform/messenger.png]
[aiforge.baseecom.com/assets/img/platform/slack.png]
[aiforge.baseecom.com/assets/img/platform/chatgpt.png]
[aiforge.baseecom.com/assets/img/platform/drive.png]
[aiforge.baseecom.com/assets/img/platform/mailchimp.png]
[aiforge.baseecom.com/assets/img/platform/dropbox.png]
[aiforge.baseecom.com/assets/img/platform/whatsapp.png]
[aiforge.baseecom.com/assets/img/faq/faq.png]
[aiforge.baseecom.com/assets/img/brand/06.png]
[aiforge.baseecom.com/assets/img/brand/07.png]
[aiforge.baseecom.com/assets/img/brand/08.png]
[aiforge.baseecom.com/assets/img/brand/09.png]
[aiforge.baseecom.com/assets/img/brand/10.png]
[aiforge.baseecom.com/assets/img/how-work-bg.jpg]
[aiforge.baseecom.com/assets/img/icon/15.svg]
[aiforge.baseecom.com/assets/img/work-bar-shape.png]
[aiforge.baseecom.com/assets/img/work-arrow.png]
[aiforge.baseecom.com/assets/img/icon/16.svg]
[aiforge.baseecom.com/assets/img/icon/17.svg]
[aiforge.baseecom.com/assets/img/icon/18.svg]
[aiforge.baseecom.com/assets/img/news/01.jpg]
[aiforge.baseecom.com/assets/img/news/02.jpg]
[aiforge.baseecom.com/assets/img/news/03.jpg]
[aiforge.baseecom.com/assets/img/footer-bg.jpg]
[aiforge.baseecom.com/assets/img/logo/black-logo.svg]
[aiforge.baseecom.com/index-2.html]
[aiforge.baseecom.com/assets/img/hero/hero-4.jpg]
[aiforge.baseecom.com/assets/img/hero/02.jpg]
[aiforge.baseecom.com/assets/img/hero/03.jpg]
[aiforge.baseecom.com/assets/img/hero/04.jpg]
[aiforge.baseecom.com/assets/img/brand/brand-bg.png]
[aiforge.baseecom.com/assets/img/Vector.png]
[aiforge.baseecom.com/assets/img/Vector-2.png]
[aiforge.baseecom.com/assets/img/about/02.jpg]
[aiforge.baseecom.com/assets/img/about/03.jpg]
[aiforge.baseecom.com/assets/img/about/04.jpg]
[aiforge.baseecom.com/assets/img/about/05.jpg]
[aiforge.baseecom.com/assets/img/has-2.png]
[aiforge.baseecom.com/assets/img/Vector-3.png]
[aiforge.baseecom.com/assets/img/project/04.jpg]
[aiforge.baseecom.com/assets/img/project/05.jpg]
[aiforge.baseecom.com/assets/img/work-process-bg.jpg]
[aiforge.baseecom.com/assets/img/title-icon.png]
[aiforge.baseecom.com/assets/img/icon/19.svg]
[aiforge.baseecom.com/assets/img/icon/20.svg]
[aiforge.baseecom.com/assets/img/icon/21.svg]
[aiforge.baseecom.com/assets/img/icon/22.svg]
[aiforge.baseecom.com/assets/img/cta-bg.jpg]
[aiforge.baseecom.com/assets/img/project/06.jpg]
[aiforge.baseecom.com/assets/img/project/07.jpg]
[aiforge.baseecom.com/assets/img/project/08.jpg]
[aiforge.baseecom.com/assets/img/testimonial/circle.png]
[aiforge.baseecom.com/assets/img/testimonial/radius-circle.png]
[aiforge.baseecom.com/assets/img/testimonial/circle-2.png]
[aiforge.baseecom.com/assets/img/testimonial/circle-3.png]
[aiforge.baseecom.com/assets/img/testimonial/vector.png]
[aiforge.baseecom.com/assets/img/testimonial/client-7.png]
[aiforge.baseecom.com/assets/img/testimonial/client-8.png]
[aiforge.baseecom.com/assets/img/testimonial/client-9.png]
[aiforge.baseecom.com/assets/img/paralax-bg-2.jpg]
[aiforge.baseecom.com/assets/img/news/04.jpg]
[aiforge.baseecom.com/assets/img/news/05.jpg]
[aiforge.baseecom.com/assets/img/footer/circle.png]
[aiforge.baseecom.com/assets/img/footer/circle-2.png]
[aiforge.baseecom.com/index-3.html]
[aiforge.baseecom.com/assets/img/logo/white-logo-5.svg]
[aiforge.baseecom.com/assets/img/logo/black-logo-4.svg]
[aiforge.baseecom.com/assets/img/hero/hero-bg4.png]
[aiforge.baseecom.com/assets/img/section-badge4.png]
[aiforge.baseecom.com/assets/img/hero/drive-right.png]
[aiforge.baseecom.com/assets/img/hero/drive-left.png]
[aiforge.baseecom.com/assets/img/feature-bg4.png]
[aiforge.baseecom.com/assets/img/who-thumb4.png]
[aiforge.baseecom.com/assets/img/who-icon1.png]
[aiforge.baseecom.com/assets/img/icon/process1.png]
[aiforge.baseecom.com/assets/img/icon/process2.png]
[aiforge.baseecom.com/assets/img/icon/process3.png]
[aiforge.baseecom.com/assets/img/news/offer-service1.png]
[aiforge.baseecom.com/assets/img/news/offer-helth.png]
[aiforge.baseecom.com/assets/img/news/offer-service2.png]
[aiforge.baseecom.com/assets/img/news/offer-service3.png]
[aiforge.baseecom.com/assets/img/faq-thumb.png]
[aiforge.baseecom.com/assets/img/newsletter-bg4.png]
[aiforge.baseecom.com/assets/img/news/blog4-1.png]
[aiforge.baseecom.com/assets/img/news/blog4-2.png]
[aiforge.baseecom.com/assets/img/news/blog4-3.png]
[aiforge.baseecom.com/assets/img/brand/brandv1.png]
[aiforge.baseecom.com/assets/img/brand/brandv2.png]
[aiforge.baseecom.com/assets/img/brand/brandv3.png]
[aiforge.baseecom.com/assets/img/brand/brandv4.png]
[aiforge.baseecom.com/assets/img/brand/brandv5.png]
[aiforge.baseecom.com/assets/img/footer/footer-bg4.png]
[aiforge.baseecom.com/assets/img/icon/supoot.svg]
[aiforge.baseecom.com/assets/img/icon/booktime.svg]
[aiforge.baseecom.com/assets/img/logo/blue-logo.svg]
[aiforge.baseecom.com/assets/img/quick-line.png]
[aiforge.baseecom.com/assets/img/online-payment.png]
[aiforge.baseecom.com/index-4.html]
[aiforge.baseecom.com/assets/img/logo/white-logo-3.svg]
[aiforge.baseecom.com/assets/img/home-5/hero/hero-1.jpg]
[aiforge.baseecom.com/assets/img/home-5/hero/hero-2.jpg]
[aiforge.baseecom.com/assets/img/home-5/hero/arrow.png]
[aiforge.baseecom.com/assets/img/home-5/hero/shape.png]
[aiforge.baseecom.com/assets/img/home-5/hero/star.png]
[aiforge.baseecom.com/assets/img/home-5/icon/01.svg]
[aiforge.baseecom.com/assets/img/home-5/icon/02.svg]
[aiforge.baseecom.com/assets/img/home-5/icon/03.svg]
[aiforge.baseecom.com/assets/img/home-5/icon/04.svg]
[aiforge.baseecom.com/assets/img/home-5/icon/05.svg]
[aiforge.baseecom.com/assets/img/home-5/icon/06.svg]
[aiforge.baseecom.com/assets/img/home-5/feature/01.jpg]
[aiforge.baseecom.com/assets/img/home-5/feature/02.jpg]
[aiforge.baseecom.com/assets/img/home-5/Vector.png]
[aiforge.baseecom.com/assets/img/home-5/video.jpg]
[aiforge.baseecom.com/assets/img/home-5/brand/01.png]
[aiforge.baseecom.com/assets/img/home-5/brand/02.png]
[aiforge.baseecom.com/assets/img/home-5/brand/03.png]
[aiforge.baseecom.com/assets/img/home-5/brand/04.png]
[aiforge.baseecom.com/assets/img/home-5/brand/05.png]
[aiforge.baseecom.com/assets/img/home-5/project/01.jpg]
[aiforge.baseecom.com/assets/img/home-5/project/02.jpg]
[aiforge.baseecom.com/assets/img/home-5/project/03.jpg]
[aiforge.baseecom.com/assets/img/home-5/feature/logo-1.png]
[aiforge.baseecom.com/assets/img/home-5/feature/03.jpg]
[aiforge.baseecom.com/assets/img/home-5/feature/logo-2.png]
[aiforge.baseecom.com/assets/img/home-5/feature/04.jpg]
[aiforge.baseecom.com/assets/img/home-5/feature/logo-3.png]
[aiforge.baseecom.com/assets/img/home-5/team/01.jpg]
[aiforge.baseecom.com/assets/img/home-5/team/02.jpg]
[aiforge.baseecom.com/assets/img/home-5/team/03.jpg]
[aiforge.baseecom.com/assets/img/home-5/team/04.jpg]
[aiforge.baseecom.com/assets/img/home-5/testimonial/Frame.svg]
[aiforge.baseecom.com/assets/img/home-5/news/01.jpg]
[aiforge.baseecom.com/assets/img/home-5/news/02.jpg]
[aiforge.baseecom.com/assets/img/home-5/news/03.jpg]
[aiforge.baseecom.com/assets/img/logo/black-logo-2.svg]
[aiforge.baseecom.com/index-5.html]
[aiforge.baseecom.com/assets/img/logo/white-logo-4.svg]
[aiforge.baseecom.com/assets/img/home-6/hero/bg.jpg]
[aiforge.baseecom.com/assets/img/home-6/hero/01.png]
[aiforge.baseecom.com/assets/img/home-6/about/bg.jpg]
[aiforge.baseecom.com/assets/img/home-6/about/01.jpg]
[aiforge.baseecom.com/assets/img/home-6/about/02.jpg]
[aiforge.baseecom.com/assets/img/home-6/icon/01.svg]
[aiforge.baseecom.com/assets/img/home-6/icon/02.svg]
[aiforge.baseecom.com/assets/img/home-6/icon/03.svg]
[aiforge.baseecom.com/assets/img/home-6/project/01.jpg]
[aiforge.baseecom.com/assets/img/home-6/project/02.jpg]
[aiforge.baseecom.com/assets/img/home-6/project/03.jpg]
[aiforge.baseecom.com/assets/img/home-6/testimonial/client-1.png]
[aiforge.baseecom.com/assets/img/home-6/testimonial/client-2.png]
[aiforge.baseecom.com/assets/img/home-6/testimonial/client-3.png]
[aiforge.baseecom.com/assets/img/home-6/testimonial/client-4.png]
[aiforge.baseecom.com/assets/img/home-6/testimonial/client-5.png]
[aiforge.baseecom.com/assets/img/home-6/testimonial/01.jpg]
[aiforge.baseecom.com/assets/img/home-6/testimonial/02.jpg]
[aiforge.baseecom.com/assets/img/home-6/testimonial/03.jpg]
[aiforge.baseecom.com/assets/img/home-6/line.png]
[aiforge.baseecom.com/assets/img/home-6/news/01.jpg]
[aiforge.baseecom.com/assets/img/home-6/news/02.jpg]
[aiforge.baseecom.com/assets/img/home-6/footer-bg.jpg]
[aiforge.baseecom.com/index-6.html]
[aiforge.baseecom.com/assets/img/about/06.jpg]
[aiforge.baseecom.com/assets/img/about/07.jpg]
[aiforge.baseecom.com/assets/img/icon/23.svg]
[aiforge.baseecom.com/assets/img/icon/24.svg]
[aiforge.baseecom.com/assets/img/icon/25.svg]
[aiforge.baseecom.com/assets/img/icon/26.svg]
[aiforge.baseecom.com/assets/img/about/08.jpg]
[aiforge.baseecom.com/assets/img/about/09.jpg]
[aiforge.baseecom.com/assets/img/about/10.jpg]
[aiforge.baseecom.com/assets/img/team/01.jpg]
[aiforge.baseecom.com/assets/img/team/02.jpg]
[aiforge.baseecom.com/assets/img/team/03.jpg]
[aiforge.baseecom.com/assets/img/team/04.jpg]
[aiforge.baseecom.com/about.html]
[aiforge.baseecom.com/assets/img/news/bg.jpg]
[aiforge.baseecom.com/assets/img/news/post-1.jpg]
[aiforge.baseecom.com/assets/img/news/post-2.jpg]
[aiforge.baseecom.com/assets/img/news/post-3.jpg]
[aiforge.baseecom.com/assets/img/news/post-4.jpg]
[aiforge.baseecom.com/assets/img/news/post-5.jpg]
[aiforge.baseecom.com/assets/img/star-3.png]
[aiforge.baseecom.com/assets/img/news/pp3.jpg]
[aiforge.baseecom.com/assets/img/news/pp4.jpg]
[aiforge.baseecom.com/assets/img/news/pp5.jpg]
[aiforge.baseecom.com/assets/img/news/Banner.png]
[aiforge.baseecom.com/news.html]
[aiforge.baseecom.com/assets/img/service/Pattern.png]
[aiforge.baseecom.com/assets/img/benefit-image.jpg]
[aiforge.baseecom.com/assets/img/icon/27.svg]
[aiforge.baseecom.com/service.html]
[aiforge.baseecom.com/assets/img/team/team-bg.jpg]
[aiforge.baseecom.com/assets/img/team/05.jpg]
[aiforge.baseecom.com/assets/img/team/06.jpg]
[aiforge.baseecom.com/assets/img/team/07.jpg]
[aiforge.baseecom.com/assets/img/team/08.jpg]
[aiforge.baseecom.com/assets/img/testimonial/quate-1.png]
[aiforge.baseecom.com/assets/img/testimonial/01.jpg]
[aiforge.baseecom.com/assets/img/testimonial/client-10.jpg]
[aiforge.baseecom.com/assets/img/cta-image.jpg]
[aiforge.baseecom.com/team.html]
[aiforge.baseecom.com/assets/img/breadcrumb-bg.jpg]
[aiforge.baseecom.com/assets/img/project/09.jpg]
[aiforge.baseecom.com/assets/img/project/10.jpg]
[aiforge.baseecom.com/assets/img/project/11.jpg]
[aiforge.baseecom.com/assets/img/project/12.jpg]
[aiforge.baseecom.com/assets/img/project/13.jpg]
[aiforge.baseecom.com/assets/img/project/14.jpg]
[aiforge.baseecom.com/assets/img/project/15.jpg]
[aiforge.baseecom.com/assets/img/project/16.jpg]
[aiforge.baseecom.com/assets/img/project/17.jpg]
[aiforge.baseecom.com/assets/img/cta-discuss-bg.jpg]
[aiforge.baseecom.com/project.html]
[aiforge.baseecom.com/assets/img/project/details-1.jpg]
[aiforge.baseecom.com/assets/img/project/details-2.jpg]
[aiforge.baseecom.com/assets/img/project/details-3.jpg]
[aiforge.baseecom.com/project-details.html]
[aiforge.baseecom.com/assets/img/faq/03.jpg]
[aiforge.baseecom.com/pricing.html]
[aiforge.baseecom.com/assets/img/faq/04.jpg]
[aiforge.baseecom.com/faq.html]
[aiforge.baseecom.com/assets/img/sign-image.jpg]
[aiforge.baseecom.com/login.html]
[aiforge.baseecom.com/assets/img/register.jpg]
[aiforge.baseecom.com/register.html]
[aiforge.baseecom.com/assets/img/404.png]
[aiforge.baseecom.com/404.html]
[aiforge.baseecom.com/assets/img/news/post-6.jpg]
[aiforge.baseecom.com/assets/img/news/post-7.jpg]
[aiforge.baseecom.com/assets/img/news/post-8.jpg]
[aiforge.baseecom.com/assets/img/news/post-9.jpg]
[aiforge.baseecom.com/assets/img/news/06.jpg]
[aiforge.baseecom.com/assets/img/news/07.jpg]
[aiforge.baseecom.com/assets/img/news/comment.jpg]
[aiforge.baseecom.com/assets/img/news/comment-2.jpg]
[aiforge.baseecom.com/news-details.html]
[aiforge.baseecom.com/assets/img/discord.svg]
[aiforge.baseecom.com/assets/img/icon/01.svg]
[aiforge.baseecom.com/assets/img/icon/02.svg]
[aiforge.baseecom.com/index-7.html]
[aiforge.baseecom.com/assets/img/logo/white-logo-2.svg]
[aiforge.baseecom.com/assets/img/icon/03.svg]
[aiforge.baseecom.com/assets/img/icon/04.svg]
[aiforge.baseecom.com/assets/img/icon/05.svg]
[aiforge.baseecom.com/assets/img/icon/06.svg]
[aiforge.baseecom.com/assets/img/icon/09.svg]
[aiforge.baseecom.com/assets/img/icon/10.svg]
[aiforge.baseecom.com/assets/img/icon/11.svg]
[aiforge.baseecom.com/assets/img/icon/12.svg]
[aiforge.baseecom.com/assets/img/icon/13.svg]
[aiforge.baseecom.com/assets/img/icon/14.svg]
[aiforge.baseecom.com/assets/img/icon/15.svg]
[aiforge.baseecom.com/assets/img/icon/16.svg]
[aiforge.baseecom.com/assets/img/icon/17.svg]
[aiforge.baseecom.com/assets/img/icon/18.svg]
[aiforge.baseecom.com/assets/img/logo/black-logo.svg]
[aiforge.baseecom.com/assets/img/icon/19.svg]
[aiforge.baseecom.com/assets/img/icon/20.svg]
[aiforge.baseecom.com/assets/img/icon/21.svg]
[aiforge.baseecom.com/assets/img/icon/22.svg]
[aiforge.baseecom.com/assets/img/logo/white-logo-5.svg]
[aiforge.baseecom.com/assets/img/logo/black-logo-4.svg]
[aiforge.baseecom.com/assets/img/icon/supoot.svg]
[aiforge.baseecom.com/assets/img/icon/booktime.svg]
[aiforge.baseecom.com/assets/img/logo/blue-logo.svg]
[aiforge.baseecom.com/assets/img/logo/white-logo-3.svg]
[aiforge.baseecom.com/assets/img/home-5/icon/01.svg]
[aiforge.baseecom.com/assets/img/home-5/icon/02.svg]
[aiforge.baseecom.com/assets/img/home-5/icon/03.svg]
[aiforge.baseecom.com/assets/img/home-5/icon/04.svg]
[aiforge.baseecom.com/assets/img/home-5/icon/05.svg]
[aiforge.baseecom.com/assets/img/home-5/icon/06.svg]
[aiforge.baseecom.com/assets/img/home-5/testimonial/Frame.svg]
[aiforge.baseecom.com/assets/img/logo/black-logo-2.svg]
[aiforge.baseecom.com/assets/img/logo/white-logo-4.svg]
[aiforge.baseecom.com/assets/img/home-6/icon/01.svg]
[aiforge.baseecom.com/assets/img/home-6/icon/02.svg]
[aiforge.baseecom.com/assets/img/home-6/icon/03.svg]
[aiforge.baseecom.com/assets/img/icon/23.svg]
[aiforge.baseecom.com/assets/img/icon/24.svg]
[aiforge.baseecom.com/assets/img/icon/25.svg]
[aiforge.baseecom.com/assets/img/icon/26.svg]
[aiforge.baseecom.com/news-standard.html]
[aiforge.baseecom.com/assets/img/icon/27.svg]
